core_cm7.h:2660:26:ITM_SendChar	16	static,ignoring_inline_asm
main.c:118:6:preprocess	32	static
main.c:137:5:main	49472	static
main.c:275:6:SystemClock_Config	120	static
main.c:336:13:MX_ADC1_Init	48	static
main.c:401:13:MX_DAC1_Init	48	static
main.c:442:13:MX_ETH_Init	8	static
main.c:491:13:MX_TIM1_Init	40	static
main.c:538:13:MX_USART3_UART_Init	8	static
main.c:586:13:MX_USB_OTG_FS_PCD_Init	8	static
main.c:620:13:MX_DMA_Init	16	static
main.c:641:13:MX_GPIO_Init	56	static
main.c:716:6:HAL_ADC_ConvCpltCallback	16	static
main.c:729:5:_write	32	static
main.c:737:6:HAL_GPIO_EXTI_Callback	16	static
main.c:757:6:Error_Handler	8	static
